// Jest Snapshot v1, https://goo.gl/fbAQLP

exports[`MainSnapshot matches snapshot 1`] = `
<div>
  <div
    class="mt-6"
  >
    <div
      class="flex justify-around flex-wrap gap-5"
    >
      <select
        aria-label="Select a server"
        class="bg-discord-dark-light text-white px-4 py-2 rounded-md mb-4"
      >
        <option
          value=""
        >
          Select a server
        </option>
        <option
          value="1"
        >
          Guild 1
        </option>
        <option
          value="2"
        >
          Guild 2
        </option>
      </select>
      <select
        class="bg-discord-dark-light text-white px-4 py-2 rounded-md mb-4"
        disabled=""
      >
        <option
          value=""
        >
          Select a voice channel
        </option>
      </select>
    </div>
    <div
      class="mt-4 grid grid-cols-2 md:grid-cols-3 lg:grid-cols-4 gap-4"
    >
      <div
        class="flex flex-col items-center"
      >
        <button
          class="w-32 h-32 rounded-md overflow-hidden hover:scale-105 transition-transform"
          data-testid="sound-buttonAudio 1"
          style="background-image: url(https://media.giphy.com/media/JIX9t2j0ZTN9S/giphy.gif); background-size: cover; background-position: center;"
        />
        <span
          class="text-xs text-white mt-1"
        >
          Audio 1
        </span>
      </div>
      <div
        class="flex flex-col items-center"
      >
        <button
          class="w-32 h-32 rounded-md overflow-hidden hover:scale-105 transition-transform"
          data-testid="sound-buttonAudio 2"
          style="background-image: url(https://media.giphy.com/media/mlvseq9yvZhba/giphy.gif); background-size: cover; background-position: center;"
        />
        <span
          class="text-xs text-white mt-1"
        >
          Audio 2
        </span>
      </div>
    </div>
  </div>
</div>
`;
