// Jest Snapshot v1, https://goo.gl/fbAQLP

exports[`PlayButtonSnapshot matches snapshot 1`] = `
<div>
  <button
    class="px-4 py-2 rounded-md bg-discord-blurple text-white hover:bg-opacity-90"
  >
    Play Sound
  </button>
</div>
`;
